2026-06-10 06:43:26,542 | INFO | Epoch 1/3 | train_loss=0.906159 | val_accuracy=0.7941 | val_f1_macro=0.7987 | val_gmean=0.7866
2026-06-10 06:43:33,937 | INFO | Checkpoint terbaik disimpan: checkpoints/best_bert_rcnn_ce_balanced_100k.pt
2026-06-10 06:58:38,008 | INFO | Epoch 2/3 | train_loss=0.604241 | val_accuracy=0.8206 | val_f1_macro=0.8238 | val_gmean=0.8154
2026-06-10 06:58:45,347 | INFO | Checkpoint terbaik disimpan: checkpoints/best_bert_rcnn_ce_balanced_100k.pt
2026-06-10 07:13:53,495 | INFO | Epoch 3/3 | train_loss=0.460527 | val_accuracy=0.8336 | val_f1_macro=0.8358 | val_gmean=0.8289
2026-06-10 07:13:58,378 | INFO | Checkpoint terbaik disimpan: checkpoints/best_bert_rcnn_ce_balanced_100k.pt
2026-06-10 07:43:30,214 | INFO | Epoch 1/3 | train_loss=0.064826 | val_accuracy=0.7887 | val_f1_macro=0.7937 | val_gmean=0.7807
2026-06-10 07:43:37,072 | INFO | Checkpoint terbaik disimpan: checkpoints/best_bert_rcnn_focal_balanced_100k.pt
2026-06-10 07:59:35,484 | INFO | Epoch 2/3 | train_loss=0.040839 | val_accuracy=0.8183 | val_f1_macro=0.8210 | val_gmean=0.8123
2026-06-10 07:59:47,339 | INFO | Checkpoint terbaik disimpan: checkpoints/best_bert_rcnn_focal_balanced_100k.pt
2026-06-10 08:15:52,550 | INFO | Epoch 3/3 | train_loss=0.029488 | val_accuracy=0.8365 | val_f1_macro=0.8388 | val_gmean=0.8320
2026-06-10 08:15:58,374 | INFO | Checkpoint terbaik disimpan: checkpoints/best_bert_rcnn_focal_balanced_100k.pt
2026-06-10 08:33:25,883 | INFO | Epoch 1/3 | train_loss=0.965329 | val_accuracy=0.7804 | val_f1_macro=0.7667 | val_gmean=0.6922
2026-06-10 08:33:31,271 | INFO | Checkpoint terbaik disimpan: checkpoints/best_bert_rcnn_ce_imbalanced_controlled.pt
2026-06-10 08:40:36,416 | INFO | Epoch 2/3 | train_loss=0.605308 | val_accuracy=0.8177 | val_f1_macro=0.7961 | val_gmean=0.7537
2026-06-10 08:40:37,780 | INFO | Checkpoint terbaik disimpan: checkpoints/best_bert_rcnn_ce_imbalanced_controlled.pt
2026-06-10 08:47:42,385 | INFO | Epoch 3/3 | train_loss=0.444680 | val_accuracy=0.8296 | val_f1_macro=0.8097 | val_gmean=0.7673
2026-06-10 08:47:43,761 | INFO | Checkpoint terbaik disimpan: checkpoints/best_bert_rcnn_ce_imbalanced_controlled.pt
2026-06-10 08:59:22,961 | INFO | Epoch 1/3 | train_loss=0.041470 | val_accuracy=0.7137 | val_f1_macro=0.7027 | val_gmean=0.7354
2026-06-10 08:59:29,681 | INFO | Checkpoint terbaik disimpan: checkpoints/best_bert_rcnn_focal_imbalanced_controlled.pt
2026-06-10 09:06:46,758 | INFO | Epoch 2/3 | train_loss=0.025051 | val_accuracy=0.7613 | val_f1_macro=0.7509 | val_gmean=0.7681
2026-06-10 09:06:48,106 | INFO | Checkpoint terbaik disimpan: checkpoints/best_bert_rcnn_focal_imbalanced_controlled.pt
2026-06-10 09:14:03,282 | INFO | Epoch 3/3 | train_loss=0.017929 | val_accuracy=0.7836 | val_f1_macro=0.7566 | val_gmean=0.7798
2026-06-10 09:14:06,312 | INFO | Checkpoint terbaik disimpan: checkpoints/best_bert_rcnn_focal_imbalanced_controlled.pt
